// Jest Snapshot v1, https://goo.gl/fbAQLP

exports[`renders correctly 1`] = `
<RCTSafeAreaView
  emulateUnlessSupported={true}
  style={
    Object {
      "alignContent": "center",
      "flex": 1,
      "justifyContent": "center",
    }
  }
>
  <View
    accessible={true}
    focusable={true}
    onClick={[Function]}
    onResponderGrant={[Function]}
    onResponderMove={[Function]}
    onResponderRelease={[Function]}
    onResponderTerminate={[Function]}
    onResponderTerminationRequest={[Function]}
    onStartShouldSetResponder={[Function]}
    style={
      Object {
        "opacity": 1,
      }
    }
  >
    <View
      style={
        Object {
          "backgroundColor": "white",
          "display": "flex",
          "flexDirection": "row",
          "justifyContent": "center",
          "padding": 10,
        }
      }
    >
      <Text
        style={
          Object {
            "fontSize": 16,
            "fontWeight": "bold",
          }
        }
      >
        Select a Contact
      </Text>
    </View>
  </View>
</RCTSafeAreaView>
`;
